// Jest Snapshot v1, https://goo.gl/fbAQLP

exports[`Pruebas en GifExpertApp Debe hacer match con el snapshot 1`] = `
<div>
  <h1>
    GifExpertApp
  </h1>
  <form
    action=""
    aria-label="form"
  >
    <input
      placeholder="Buscar gifs"
      type="text"
      value="One punch"
    />
  </form>
  <h3 />
  <h2>
    Cargando...
  </h2>
  <div
    class="card-grid"
  />
</div>
`;
