// Jest Snapshot v1, https://goo.gl/fbAQLP

exports[`Pruebas en GifItem Hacer match con el sanpshot 1`] = `
<div>
  <div
    class="card"
  >
    <img
      alt="Saitama"
      src="https://saitama"
    />
    <p>
      Saitama
    </p>
  </div>
</div>
`;
